\BOOKMARK [0][-]{chapter.1}{\376\377\0001\000\040\000P\000a\000l\000e\000i\000d\000i\000m\000o\000\040\000i\000n\000s\000t\000r\000u\000k\000c\000i\000j\000o\000s}{}% 1
\BOOKMARK [1][-]{section.1.1}{\376\377\0001\000.\0001\000\040\000v\0003\000.\0000\000\040\000A\000p\000r\000a\001\141\000y\000m\000a\000s}{chapter.1}% 2
\BOOKMARK [2][-]{subsection.1.1.1}{\376\377\0001\000.\0001\000.\0001\000\040\000S\000u\000k\000u\000r\000t\000a\000s\000\040\000.\000e\000x\000e\000\040\000f\000a\000i\000l\000a\000s\000\040\000i\000n\000s\000t\000a\000l\000i\000u\000o\000t\000i\000\040\000p\000r\000o\000g\000r\000a\000m\001\005\000\040\000W\000i\000n\000d\000o\000w\000s\000\040\000o\000p\000e\000r\000a\000c\000i\000n\001\027\000s\000e\000\040\000s\000i\000s\000t\000e\000m\000o\000s\000e}{section.1.1}% 3
\BOOKMARK [3][-]{subsubsection.1.1.1.1}{\376\377\0001\000.\0001\000.\0001\000.\0001\000\040\000I\000n\000s\000t\000a\000l\000i\000a\000v\000i\000m\000o\000\040\000i\000n\000s\000t\000r\000u\000k\000c\000i\000j\000o\000s}{subsection.1.1.1}% 4
\BOOKMARK [2][-]{subsection.1.1.2}{\376\377\0001\000.\0001\000.\0002\000\040\000S\000u\000k\000u\000r\000t\000a\000\040\000V\000e\000c\000t\000o\000r\000\040\000k\000l\000a\000s\001\027\000\040\000S\000t\000u\000d\000e\000n\000t\0001\000\040\000k\000l\000a\000s\001\027\000s\000\040\000o\000b\000j\000e\000k\000t\001\163\000\040\000s\000a\000u\000g\000o\000j\000i\000m\000u\000i}{section.1.1}% 5
\BOOKMARK [3][-]{subsubsection.1.1.2.1}{\376\377\0001\000.\0001\000.\0002\000.\0001\000\040\000V\000e\000c\000t\000o\000r\000\040\000k\000l\000a\000s\001\027\000s\000\040\000b\000a\000z\000i\000n\001\027\000s\000\040\000f\000u\000n\000k\000c\000i\000j\000o\000s\000\040\000i\000r\000\040\000j\001\163\000\040\000a\000p\000r\000a\001\141\000y\000m\000a\000i}{subsection.1.1.2}% 6
\BOOKMARK [3][-]{subsubsection.1.1.2.2}{\376\377\0001\000.\0001\000.\0002\000.\0002\000\040\000P\000a\000p\000i\000l\000d\000y\000t\000i\000\040\000u\000n\000i\000t\000\040\000t\000e\000s\000t\000a\000i\000\040\000d\000a\000b\000a\000r\000\040\000t\000e\000s\000t\000u\000o\000j\000a\000\040\000i\000r\000\040\000n\000a\000u\000j\001\005\000j\001\005\000\040\000V\000e\000c\000t\000o\000r\000\040\000k\000l\000a\000s\001\031}{subsection.1.1.2}% 7
\BOOKMARK [2][-]{subsection.1.1.3}{\376\377\0001\000.\0001\000.\0003\000\040\000A\000t\000l\000i\000k\000t\000a\000\040\000s\000p\000a\000r\000t\000u\000m\000o\000\040\000a\000n\000a\000l\000i\000z\001\027\000\040\000\050\000V\000e\000c\000t\000o\000r\000\040\000k\000l\000a\000s\001\027\000\040\000v\000s\000\040\000s\000t\000d\000:\000:\000v\000e\000c\000t\000o\000r\000\051}{section.1.1}% 8
\BOOKMARK [1][-]{section.1.2}{\376\377\0001\000.\0002\000\040\000v\0002\000.\0000\000\040\000A\000p\000r\000a\001\141\000y\000m\000a\000s}{chapter.1}% 9
\BOOKMARK [2][-]{subsection.1.2.1}{\376\377\0001\000.\0002\000.\0001\000\040\000S\000u\000k\000u\000r\000t\000i\000\040\000u\000n\000i\000t\000\040\000t\000e\000s\000t\000a\000i\000\040\000n\000a\000u\000d\000o\000j\000a\000n\000t\000\040\000<\000a\000\040\000h\000r\000e\000f\000=\000`\000\250\000h\000t\000t\000p\000s\000:\000/\000/\000g\000i\000t\000h\000u\000b\000.\000c\000o\000m\000/\000c\000a\000t\000c\000h\000o\000r\000g\000/\000C\000a\000t\000c\000h\0002\000`\000\250\000\040\000>\000C\000a\000t\000c\000h\0002\000<\000/\000a\000>}{section.1.2}% 10
\BOOKMARK [3][-]{subsubsection.1.2.1.1}{\376\377\0001\000.\0002\000.\0001\000.\0001\000\040\000K\000a\000s\000\040\000y\000r\000a\000\040\000t\000i\000k\000r\000i\000n\000a\000m\000a\000\040\000u\000n\000i\000t\000\040\000t\000e\000s\000t\000u\000o\000s\000e\000?}{subsection.1.2.1}% 11
\BOOKMARK [3][-]{subsubsection.1.2.1.2}{\376\377\0001\000.\0002\000.\0001\000.\0002\000\040\000K\000a\000i\000p\000\040\000p\000a\000l\000e\000i\000s\000t\000i\000\040\000u\000n\000i\000t\000\040\000t\000e\000s\000t\000u\000s}{subsection.1.2.1}% 12
\BOOKMARK [1][-]{section.1.3}{\376\377\0001\000.\0003\000\040\000R\000a\000n\000d\000o\000m\000n\000e\000s\000s\000\040\000s\000e\000e\000d\000e\000d\000\040\000t\000o\000:\000\040\0002\0008\0007\0003\0004\0008\0004\0005\0002\0009}{chapter.1}% 13
\BOOKMARK [2][-]{subsection.1.3.1}{\376\377\0001\000.\0003\000.\0001\000\040\000S\000e\000t\000t\000e\000r\000s}{section.1.3}% 14
\BOOKMARK [2][-]{subsection.1.3.2}{\376\377\0001\000.\0003\000.\0002\000\040\000M\000o\000v\000e\000\040\000C\000o\000n\000s\000t\000r\000u\000c\000t\000o\000r}{section.1.3}% 15
\BOOKMARK [2][-]{subsection.1.3.3}{\376\377\0001\000.\0003\000.\0003\000\040\000R\000e\000a\000d\000i\000n\000g\000\040\000f\000r\000o\000m\000\040\000f\000i\000l\000e}{section.1.3}% 16
\BOOKMARK [3][-]{subsubsection.1.3.3.1}{\376\377\0001\000.\0003\000.\0003\000.\0001\000\040\000D\000o\000k\000u\000m\000e\000n\000t\000a\000c\000i\000j\000o\000s\000\040\000g\000e\000n\000e\000r\000a\000v\000i\000m\000a\000s}{subsection.1.3.3}% 17
\BOOKMARK [3][-]{subsubsection.1.3.3.2}{\376\377\0001\000.\0003\000.\0003\000.\0002\000\040\000A\000p\000i\000b\000e\000n\000d\000r\000i\000n\000i\000m\000a\000s}{subsection.1.3.3}% 18
\BOOKMARK [1][-]{section.1.4}{\376\377\0001\000.\0004\000\040\000v\0001\000.\0001\000\040\000T\000y\000r\000i\000m\000a\000s}{chapter.1}% 19
\BOOKMARK [2][-]{subsection.1.4.1}{\376\377\0001\000.\0004\000.\0001\000\040\000P\000i\000r\000m\000a\000\040\000s\000t\000r\000a\000t\000e\000g\000i\000j\000a}{section.1.4}% 20
\BOOKMARK [1][-]{section.1.5}{\376\377\0001\000.\0005\000\040\000V\000e\000k\000t\000o\000r\000i\000u\000s}{chapter.1}% 21
\BOOKMARK [1][-]{section.1.6}{\376\377\0001\000.\0006\000\040\000L\000i\000s\000t\000a\000s}{chapter.1}% 22
\BOOKMARK [1][-]{section.1.7}{\376\377\0001\000.\0007\000\040\000D\000e\000k\000a\000s}{chapter.1}% 23
\BOOKMARK [2][-]{subsection.1.7.1}{\376\377\0001\000.\0007\000.\0001\000\040\000P\000i\000r\000m\000o\000s\000i\000o\000s\000\040\000s\000t\000r\000a\000t\000e\000g\000i\000j\000o\000s\000\040\000i\001\141\000v\000a\000d\000o\000s}{section.1.7}% 24
\BOOKMARK [2][-]{subsection.1.7.2}{\376\377\0001\000.\0007\000.\0002\000\040\000A\000n\000t\000r\000a\000\040\000s\000t\000r\000a\000t\000e\000g\000i\000j\000a}{section.1.7}% 25
\BOOKMARK [1][-]{section.1.8}{\376\377\0001\000.\0008\000\040\000V\000e\000k\000t\000o\000r\000i\000u\000s}{chapter.1}% 26
\BOOKMARK [1][-]{section.1.9}{\376\377\0001\000.\0009\000\040\000L\000i\000s\000t\000a\000s}{chapter.1}% 27
\BOOKMARK [1][-]{section.1.10}{\376\377\0001\000.\0001\0000\000\040\000D\000e\000k\000a\000s}{chapter.1}% 28
\BOOKMARK [2][-]{subsection.1.10.1}{\376\377\0001\000.\0001\0000\000.\0001\000\040\000A\000n\000t\000r\000o\000s\000i\000o\000s\000\040\000s\000t\000r\000a\000t\000e\000g\000i\000j\000o\000s\000\040\000i\001\141\000v\000a\000d\000o\000s}{section.1.10}% 29
\BOOKMARK [2][-]{subsection.1.10.2}{\376\377\0001\000.\0001\0000\000.\0002\000\040\000T\000r\000e\001\015\000i\000a\000\040\000s\000t\000r\000a\000t\000e\000g\000i\000j\000a}{section.1.10}% 30
\BOOKMARK [2][-]{subsection.1.10.3}{\376\377\0001\000.\0001\0000\000.\0003\000\040\000T\000r\000e\001\015\000i\000o\000s\000i\000o\000s\000\040\000s\000t\000r\000a\000t\000e\000g\000i\000j\000o\000s\000\040\000i\001\141\000v\000a\000d\000o\000s}{section.1.10}% 31
\BOOKMARK [2][-]{subsection.1.10.4}{\376\377\0001\000.\0001\0000\000.\0004\000\040\000V\000i\000s\001\163\000\040\000s\000t\000r\000a\000t\000e\000g\000i\000j\001\163\000\040\000i\001\141\000v\000a\000d\000o\000s}{section.1.10}% 32
\BOOKMARK [2][-]{subsection.1.10.5}{\376\377\0001\000.\0001\0000\000.\0005\000\040\000K\000o\000m\000p\000i\000u\000t\000e\000r\000i\000o\000\040\000k\000o\000m\000p\000o\000n\000e\000n\000t\000a\000i}{section.1.10}% 33
\BOOKMARK [0][-]{chapter.2}{\376\377\0002\000\040\000H\000i\000e\000r\000a\000r\000c\000h\000i\000c\000a\000l\000\040\000I\000n\000d\000e\000x}{}% 34
\BOOKMARK [1][-]{section.2.1}{\376\377\0002\000.\0001\000\040\000C\000l\000a\000s\000s\000\040\000H\000i\000e\000r\000a\000r\000c\000h\000y}{chapter.2}% 35
\BOOKMARK [0][-]{chapter.3}{\376\377\0003\000\040\000C\000l\000a\000s\000s\000\040\000I\000n\000d\000e\000x}{}% 36
\BOOKMARK [1][-]{section.3.1}{\376\377\0003\000.\0001\000\040\000C\000l\000a\000s\000s\000\040\000L\000i\000s\000t}{chapter.3}% 37
\BOOKMARK [0][-]{chapter.4}{\376\377\0004\000\040\000F\000i\000l\000e\000\040\000I\000n\000d\000e\000x}{}% 38
\BOOKMARK [1][-]{section.4.1}{\376\377\0004\000.\0001\000\040\000F\000i\000l\000e\000\040\000L\000i\000s\000t}{chapter.4}% 39
\BOOKMARK [0][-]{chapter.5}{\376\377\0005\000\040\000C\000l\000a\000s\000s\000\040\000D\000o\000c\000u\000m\000e\000n\000t\000a\000t\000i\000o\000n}{}% 40
\BOOKMARK [1][-]{section.5.1}{\376\377\0005\000.\0001\000\040\000H\000u\000m\000a\000n\000\040\000C\000l\000a\000s\000s\000\040\000R\000e\000f\000e\000r\000e\000n\000c\000e}{chapter.5}% 41
\BOOKMARK [1][-]{section.5.2}{\376\377\0005\000.\0002\000\040\000S\000t\000u\000d\000e\000n\000t\0001\000\040\000C\000l\000a\000s\000s\000\040\000R\000e\000f\000e\000r\000e\000n\000c\000e}{chapter.5}% 42
\BOOKMARK [2][-]{subsection.5.2.1}{\376\377\0005\000.\0002\000.\0001\000\040\000M\000e\000m\000b\000e\000r\000\040\000F\000u\000n\000c\000t\000i\000o\000n\000\040\000D\000o\000c\000u\000m\000e\000n\000t\000a\000t\000i\000o\000n}{section.5.2}% 43
\BOOKMARK [3][-]{subsubsection.5.2.1.1}{\376\377\0005\000.\0002\000.\0001\000.\0001\000\040\000g\000e\000t\000P\000a\000v\000a\000r\000d\000e\000\050\000\051}{subsection.5.2.1}% 44
\BOOKMARK [3][-]{subsubsection.5.2.1.2}{\376\377\0005\000.\0002\000.\0001\000.\0002\000\040\000g\000e\000t\000V\000a\000r\000d\000a\000s\000\050\000\051}{subsection.5.2.1}% 45
\BOOKMARK [1][-]{section.5.3}{\376\377\0005\000.\0003\000\040\000V\000e\000c\000t\000o\000r\000<\000\040\000T\000\040\000>\000\040\000C\000l\000a\000s\000s\000\040\000T\000e\000m\000p\000l\000a\000t\000e\000\040\000R\000e\000f\000e\000r\000e\000n\000c\000e}{chapter.5}% 46
\BOOKMARK [0][-]{chapter.6}{\376\377\0006\000\040\000F\000i\000l\000e\000\040\000D\000o\000c\000u\000m\000e\000n\000t\000a\000t\000i\000o\000n}{}% 47
\BOOKMARK [1][-]{section.6.1}{\376\377\0006\000.\0001\000\040\000h\000e\000a\000d\000e\000r\000.\000h}{chapter.6}% 48
\BOOKMARK [1][-]{section.6.2}{\376\377\0006\000.\0002\000\040\000h\000u\000m\000a\000n\000.\000h\000p\000p}{chapter.6}% 49
\BOOKMARK [1][-]{section.6.3}{\376\377\0006\000.\0003\000\040\000s\000t\000u\000d\000e\000n\000t\000.\000h\000p\000p}{chapter.6}% 50
\BOOKMARK [1][-]{section.6.4}{\376\377\0006\000.\0004\000\040\000v\000e\000c\000t\000o\000r\000.\000h\000p\000p}{chapter.6}% 51
\BOOKMARK [0][-]{section*.10}{\376\377\000I\000n\000d\000e\000x}{}% 52
